prelude is the "beginningStudent" module
outer is the "standardGrace" module
[]
[1]
[1, 2, 3, 4, 5, 6]
