option tests: 20 run, 0 failed, 0 errors
sequence tests: 43 run, 0 failed, 0 errors
