single matches: 6 run, 0 failed, 0 errors
global matches: 6 run, 0 failed, 0 errors
