no such method handler: 4 run, 0 failed, 0 errors
EDP algorithm: 14 run, 0 failed, 0 errors
approx string match: 13 run, 0 failed, 0 errors
type in type: 2 run, 0 failed, 0 errors
aliases and exclusions: 5 run, 0 failed, 0 errors
