a = a
a1 = a1, a2 = a2, b1 = b1
no params
got exampleMirror
Public method example(_) has 1 parameters
Public method example(_,_)and(_) has 3 parameters
Public method noParams has 0 parameters
Confidential method notInherited has 0 parameters

requests using `requestWithArgs`
a = 1
a1 = a1, a2 = a2, b1 = b1
no params

done
