primitiveArray [4: ‹undefined›, ‹undefined›, ‹undefined›, ‹undefined›]
primitiveArray [4: ‹undefined›, ‹undefined›, ‹undefined›, ‹undefined›]
1
primitiveArray [4: true, Hello, 1, is "foo\bar" a word?]
primitiveArray [4: true, "Hello", 1, "is \"foo\\bar\" a word?"]
a.size = 4
