primitiveArray [6: 17, 20, 10, 5, 1, 0]
primitiveArray [6: 5, 10, 17, 20, ‹undefined›, ‹undefined›]
primitiveArray [0: ]
primitiveArray [0: ]
primitiveArray [9: a, w, q, b, d, z, t, ‹undefined›, ‹undefined›]
primitiveArray [9: a, b, d, q, t, w, z, ‹undefined›, ‹undefined›]
Correctly raised TypeError
