Hello, world!
Built-in: EnvironmentException = EnvironmentException
Standard: BasePattern = an open.BasePattern
Library module: unicode = the "unicode" module
Library module: mirror = the "mirror" module
Collections: (factory) list = the list factory
StdPrel: 5@6 = (5@6)
StdPrel: Object = type Object
StdPrel: Type = type Type
a custom object
a custom object
a koala
a koala
an african.elephant
an african.elephant
