gct: 1 run, 0 failed, 0 errors
alias and method with same name: 1 run, 0 failed, 0 errors
toGrace methods: 3 run, 0 failed, 0 errors
