0:0-12:1 module
  dialect "standardGrace"
  Name: standardInput
  1:1-4:1 typedec
    1:6-11 identifierBinding‹Person›
    Value:1:15-4:1 typeliteral
        Types:
        Methods:
          2:3-15 methodtype
            Name: identifierBinding‹age›
            Returns:
              2:10-15 identifier‹Number›
            Signature:
              2:3-5 signaturepart: age
          3:3-16 methodtype
            Name: identifierBinding‹name›
            Returns:
              3:11-16 identifier‹String›
            Signature:
              3:3-6 signaturepart: name


  6:1-12:1 method
    Name: 6:7-25 identifierBinding‹person(2)›
    Signature:
      Part: person
        Parameters:
          6:14-18 identifierBinding‹name'›
          6:21-24 identifierBinding‹age'›
    Body:
      6:1-12:1 object (class)
        Name: person(_,_)
        7:3-28 defdec
          7:7-10 identifierBinding‹name›
          Value: 7:24-28 identifier‹name'›
          Annotations: 7:15-20 identifier‹public›
        8:3-26 defdec
          8:7-9 identifierBinding‹age›
          Value: 8:23-26 identifier‹age'›
          Annotations: 8:14-19 identifier‹public›
        9:3-11:3 method
          Name: 9:10-20 identifierBinding‹getShoeSize›
          Signature:
            Part: getShoeSize
          Body:
            10:5-41 return
              10:19-41 op‹+(1)›
                10:19-34 op‹*(1)›
                  10:19-22 member ‹size›
                    10:14-17 identifier‹name›
                  10:31-34 member ‹size›
                    10:26-29 identifier‹name›
                10:39-41 identifier‹age›
