EDP: 14 run, 0 failed, 0 errors
ApproxMatch: 13 run, 0 failed, 0 errors
