submodule initialization
submodule has been imported
