6
6
ho ho ho 
type Unknown
type Number
type String
